[2026-08-22T12:17:55.786Z] {"timestamp":1787401073839,"level":"DEBUG","args":["[Manus] Debug collector initialized (no rrweb, UI events only)"],"stack":null}
[2026-08-22T12:17:55.786Z] {"timestamp":1787401074494,"level":"DEBUG","args":["[vite] connected."],"stack":null}
[2026-08-22T12:18:00.793Z] {"timestamp":1787401079041,"level":"DEBUG","args":["[Manus] Debug collector initialized (no rrweb, UI events only)"],"stack":null}
[2026-08-22T12:18:00.793Z] {"timestamp":1787401079632,"level":"DEBUG","args":["[vite] connected."],"stack":null}
[2026-08-22T12:19:53.797Z] {"timestamp":1787401191345,"level":"DEBUG","args":["[Manus] Debug collector initialized (no rrweb, UI events only)"],"stack":null}
[2026-08-22T12:19:53.797Z] {"timestamp":1787401192094,"level":"DEBUG","args":["[vite] connected."],"stack":null}
[2026-08-22T12:20:24.841Z] {"timestamp":1787401222606,"level":"DEBUG","args":["[Manus] Debug collector initialized (no rrweb, UI events only)"],"stack":null}
[2026-08-22T12:20:24.841Z] {"timestamp":1787401223287,"level":"DEBUG","args":["[vite] connected."],"stack":null}
[2026-08-22T12:22:01.786Z] {"timestamp":1787401319707,"level":"DEBUG","args":["[Manus] Debug collector initialized (no rrweb, UI events only)"],"stack":null}
[2026-08-22T12:22:01.786Z] {"timestamp":1787401320318,"level":"DEBUG","args":["[vite] connected."],"stack":null}
[2026-08-22T12:22:05.789Z] {"timestamp":1787401324216,"level":"DEBUG","args":["[Manus] Debug collector initialized (no rrweb, UI events only)"],"stack":null}
[2026-08-22T12:22:05.789Z] {"timestamp":1787401324849,"level":"DEBUG","args":["[vite] connected."],"stack":null}
[2026-08-22T12:22:57.805Z] {"timestamp":1787401376274,"level":"DEBUG","args":["[Manus] Debug collector initialized (no rrweb, UI events only)"],"stack":null}
[2026-08-22T12:22:57.805Z] {"timestamp":1787401377725,"level":"DEBUG","args":["[vite] connected."],"stack":null}
[2026-08-22T12:23:25.793Z] {"timestamp":1787401404190,"level":"DEBUG","args":["[Manus] Debug collector initialized (no rrweb, UI events only)"],"stack":null}
[2026-08-22T12:23:25.793Z] {"timestamp":1787401404779,"level":"DEBUG","args":["[vite] connected."],"stack":null}
[2026-08-22T12:23:35.785Z] {"timestamp":1787401414182,"level":"DEBUG","args":["[Manus] Debug collector initialized (no rrweb, UI events only)"],"stack":null}
[2026-08-22T12:23:35.785Z] {"timestamp":1787401415622,"level":"DEBUG","args":["[vite] connected."],"stack":null}
[2026-08-22T12:24:08.799Z] {"timestamp":1787401446821,"level":"DEBUG","args":["[Manus] Debug collector initialized (no rrweb, UI events only)"],"stack":null}
[2026-08-22T12:24:08.799Z] {"timestamp":1787401448330,"level":"DEBUG","args":["[vite] connected."],"stack":null}
[2026-08-22T12:24:37.801Z] {"timestamp":1787401475378,"level":"DEBUG","args":["[Manus] Debug collector initialized (no rrweb, UI events only)"],"stack":null}
[2026-08-22T12:24:37.801Z] {"timestamp":1787401476817,"level":"DEBUG","args":["[vite] connected."],"stack":null}
[2026-08-22T12:25:31.801Z] {"timestamp":1787401529321,"level":"DEBUG","args":["[Manus] Debug collector initialized (no rrweb, UI events only)"],"stack":null}
[2026-08-22T12:25:31.801Z] {"timestamp":1787401529898,"level":"DEBUG","args":["[vite] connected."],"stack":null}
[2026-08-22T12:25:35.795Z] {"timestamp":1787401533809,"level":"DEBUG","args":["[Manus] Debug collector initialized (no rrweb, UI events only)"],"stack":null}
[2026-08-22T12:25:35.795Z] {"timestamp":1787401534396,"level":"DEBUG","args":["[vite] connected."],"stack":null}
[2026-08-22T12:25:54.800Z] {"timestamp":1787401552774,"level":"DEBUG","args":["[Manus] Debug collector initialized (no rrweb, UI events only)"],"stack":null}
[2026-08-22T12:25:54.800Z] {"timestamp":1787401554197,"level":"DEBUG","args":["[vite] connected."],"stack":null}
[2026-08-22T12:26:40.796Z] {"timestamp":1787401598907,"level":"DEBUG","args":["[Manus] Debug collector initialized (no rrweb, UI events only)"],"stack":null}
[2026-08-22T12:26:40.796Z] {"timestamp":1787401599521,"level":"DEBUG","args":["[vite] connected."],"stack":null}
[2026-08-22T12:26:45.794Z] {"timestamp":1787401603695,"level":"DEBUG","args":["[Manus] Debug collector initialized (no rrweb, UI events only)"],"stack":null}
[2026-08-22T12:26:45.794Z] {"timestamp":1787401604285,"level":"DEBUG","args":["[vite] connected."],"stack":null}
[2026-08-22T12:27:31.785Z] {"timestamp":1787401650096,"level":"DEBUG","args":["[Manus] Debug collector initialized (no rrweb, UI events only)"],"stack":null}
[2026-08-22T12:27:31.785Z] {"timestamp":1787401650681,"level":"DEBUG","args":["[vite] connected."],"stack":null}
[2026-08-22T12:28:26.666Z] {"timestamp":1787401705574,"level":"DEBUG","args":["[vite]","hot updated: /src/pages/Home.tsx"],"stack":null}
[2026-08-22T12:28:26.666Z] {"timestamp":1787401705575,"level":"DEBUG","args":["[vite]","hot updated: /src/index.css"],"stack":null}
[2026-08-22T12:28:32.793Z] {"timestamp":1787401710829,"level":"DEBUG","args":["[Manus] Debug collector initialized (no rrweb, UI events only)"],"stack":null}
[2026-08-22T12:28:32.793Z] {"timestamp":1787401712275,"level":"DEBUG","args":["[vite] connected."],"stack":null}
[2026-08-22T12:28:37.796Z] {"timestamp":1787401715500,"level":"DEBUG","args":["[Manus] Debug collector initialized (no rrweb, UI events only)"],"stack":null}
[2026-08-22T12:28:37.796Z] {"timestamp":1787401716112,"level":"DEBUG","args":["[vite] connected."],"stack":null}
[2026-08-22T12:28:53.803Z] {"timestamp":1787401732764,"level":"DEBUG","args":["[vite]","hot updated: /src/index.css"],"stack":null}
[2026-08-22T12:28:53.803Z] {"timestamp":1787401732764,"level":"DEBUG","args":["[vite]","invalidate /src/contexts/SessionContext.tsx: Could not Fast Refresh (\"useSession\" export is incompatible). Learn more at https://github.com/vitejs/vite-plugin-react/tree/main/packages/plugin-react#consistent-components-exports"],"stack":null}
[2026-08-22T12:28:53.803Z] {"timestamp":1787401732764,"level":"DEBUG","args":["[vite]","hot updated: /src/contexts/SessionContext.tsx"],"stack":null}
[2026-08-22T12:28:53.803Z] {"timestamp":1787401732765,"level":"DEBUG","args":["[vite]","hot updated: /src/pages/Dashboard.tsx"],"stack":null}
[2026-08-22T12:28:53.803Z] {"timestamp":1787401733584,"level":"DEBUG","args":["[vite]","hot updated: /src/App.tsx"],"stack":null}
[2026-08-22T12:28:53.803Z] {"timestamp":1787401733584,"level":"DEBUG","args":["[vite]","hot updated: /src/pages/SignIn.tsx"],"stack":null}
[2026-08-22T12:28:53.803Z] {"timestamp":1787401733584,"level":"DEBUG","args":["[vite]","hot updated: /src/pages/Dashboard.tsx"],"stack":null}
[2026-08-22T12:28:58.794Z] {"timestamp":1787401737116,"level":"DEBUG","args":["[Manus] Debug collector initialized (no rrweb, UI events only)"],"stack":null}
[2026-08-22T12:28:58.794Z] {"timestamp":1787401737738,"level":"DEBUG","args":["[vite] connected."],"stack":null}
[2026-08-22T12:29:02.803Z] {"timestamp":1787401740622,"level":"DEBUG","args":["[Manus] Debug collector initialized (no rrweb, UI events only)"],"stack":null}
[2026-08-22T12:29:02.803Z] {"timestamp":1787401741213,"level":"DEBUG","args":["[vite] connected."],"stack":null}
[2026-08-22T12:29:13.799Z] {"timestamp":1787401751444,"level":"DEBUG","args":["[Manus] Debug collector initialized (no rrweb, UI events only)"],"stack":null}
[2026-08-22T12:29:13.799Z] {"timestamp":1787401752048,"level":"DEBUG","args":["[vite] connected."],"stack":null}
[2026-08-22T12:29:17.800Z] {"timestamp":1787401755899,"level":"DEBUG","args":["[Manus] Debug collector initialized (no rrweb, UI events only)"],"stack":null}
[2026-08-22T12:29:17.800Z] {"timestamp":1787401757363,"level":"DEBUG","args":["[vite] connected."],"stack":null}
[2026-08-22T12:29:28.786Z] {"timestamp":1787401766329,"level":"DEBUG","args":["[Manus] Debug collector initialized (no rrweb, UI events only)"],"stack":null}
[2026-08-22T12:29:28.786Z] {"timestamp":1787401767790,"level":"DEBUG","args":["[vite] connected."],"stack":null}
[2026-08-22T12:29:42.797Z] {"timestamp":1787401780675,"level":"DEBUG","args":["[Manus] Debug collector initialized (no rrweb, UI events only)"],"stack":null}
[2026-08-22T12:29:42.797Z] {"timestamp":1787401781264,"level":"DEBUG","args":["[vite] connected."],"stack":null}
[2026-08-22T12:30:54.792Z] {"timestamp":1787401853195,"level":"DEBUG","args":["[Manus] Debug collector initialized (no rrweb, UI events only)"],"stack":null}
[2026-08-22T12:30:54.792Z] {"timestamp":1787401854628,"level":"DEBUG","args":["[vite] connected."],"stack":null}
[2026-08-22T12:31:33.795Z] {"timestamp":1787401892156,"level":"DEBUG","args":["[Manus] Debug collector initialized (no rrweb, UI events only)"],"stack":null}
[2026-08-22T12:31:33.795Z] {"timestamp":1787401892747,"level":"DEBUG","args":["[vite] connected."],"stack":null}
[2026-08-22T12:31:37.800Z] {"timestamp":1787401896050,"level":"DEBUG","args":["[Manus] Debug collector initialized (no rrweb, UI events only)"],"stack":null}
[2026-08-22T12:31:37.800Z] {"timestamp":1787401896666,"level":"DEBUG","args":["[vite] connected."],"stack":null}
[2026-08-22T12:31:42.161Z] {"timestamp":1787401900158,"level":"DEBUG","args":["[Manus] Debug collector initialized (no rrweb, UI events only)"],"stack":null}
[2026-08-22T12:31:42.161Z] {"timestamp":1787401900172,"level":"DEBUG","args":["[vite] connected."],"stack":null}
[2026-08-22T12:31:42.161Z] {"timestamp":1787401900499,"level":"INFO","args":["%cDownload the React DevTools for a better development experience: https://react.dev/link/react-devtools","font-weight:bold"],"stack":null}
[2026-08-22T12:31:42.164Z] {"timestamp":1787401900160,"level":"DEBUG","args":["[Manus] Debug collector initialized (no rrweb, UI events only)"],"stack":null}
[2026-08-22T12:31:42.164Z] {"timestamp":1787401900188,"level":"DEBUG","args":["[vite] connected."],"stack":null}
[2026-08-22T12:31:42.164Z] {"timestamp":1787401900496,"level":"INFO","args":["%cDownload the React DevTools for a better development experience: https://react.dev/link/react-devtools","font-weight:bold"],"stack":null}
[2026-08-22T12:31:42.164Z] {"timestamp":1787401900160,"level":"DEBUG","args":["[Manus] Debug collector initialized (no rrweb, UI events only)"],"stack":null}
[2026-08-22T12:31:42.164Z] {"timestamp":1787401900208,"level":"DEBUG","args":["[vite] connected."],"stack":null}
[2026-08-22T12:31:42.164Z] {"timestamp":1787401900503,"level":"INFO","args":["%cDownload the React DevTools for a better development experience: https://react.dev/link/react-devtools","font-weight:bold"],"stack":null}
[2026-08-22T12:31:42.167Z] {"timestamp":1787401900166,"level":"DEBUG","args":["[Manus] Debug collector initialized (no rrweb, UI events only)"],"stack":null}
[2026-08-22T12:31:42.167Z] {"timestamp":1787401900221,"level":"DEBUG","args":["[vite] connected."],"stack":null}
[2026-08-22T12:31:42.167Z] {"timestamp":1787401900389,"level":"INFO","args":["%cDownload the React DevTools for a better development experience: https://react.dev/link/react-devtools","font-weight:bold"],"stack":null}
[2026-08-22T12:32:33.795Z] {"timestamp":1787401952626,"level":"DEBUG","args":["[vite]","hot updated: /src/index.css"],"stack":null}
[2026-08-22T12:32:38.799Z] {"timestamp":1787401957133,"level":"DEBUG","args":["[Manus] Debug collector initialized (no rrweb, UI events only)"],"stack":null}
[2026-08-22T12:32:38.799Z] {"timestamp":1787401957819,"level":"DEBUG","args":["[vite] connected."],"stack":null}
[2026-08-22T12:32:43.800Z] {"timestamp":1787401961489,"level":"DEBUG","args":["[Manus] Debug collector initialized (no rrweb, UI events only)"],"stack":null}
[2026-08-22T12:32:43.800Z] {"timestamp":1787401962120,"level":"DEBUG","args":["[vite] connected."],"stack":null}
[2026-08-22T12:33:38.064Z] {"timestamp":1787402016022,"level":"DEBUG","args":["[Manus] Debug collector initialized (no rrweb, UI events only)"],"stack":null}
[2026-08-22T12:33:38.064Z] {"timestamp":1787402016030,"level":"DEBUG","args":["[vite] connected."],"stack":null}
[2026-08-22T12:33:38.064Z] {"timestamp":1787402016139,"level":"INFO","args":["%cDownload the React DevTools for a better development experience: https://react.dev/link/react-devtools","font-weight:bold"],"stack":null}
[2026-08-22T12:33:38.625Z] {"timestamp":1787402016473,"level":"DEBUG","args":["[vite]","hot updated: /src/index.css"],"stack":null}
[2026-08-22T16:25:31.964Z] {"timestamp":1787415930402,"level":"DEBUG","args":["[Manus] Debug collector initialized (no rrweb, UI events only)"],"stack":null}
[2026-08-22T16:25:31.964Z] {"timestamp":1787415931833,"level":"DEBUG","args":["[vite] connected."],"stack":null}
[2026-08-22T16:25:55.853Z] {"timestamp":1787415953495,"level":"DEBUG","args":["[Manus] Debug collector initialized (no rrweb, UI events only)"],"stack":null}
[2026-08-22T16:25:55.853Z] {"timestamp":1787415954111,"level":"DEBUG","args":["[vite] connected."],"stack":null}
[2026-08-22T16:26:14.859Z] {"timestamp":1787415972871,"level":"DEBUG","args":["[Manus] Debug collector initialized (no rrweb, UI events only)"],"stack":null}
[2026-08-22T16:26:14.859Z] {"timestamp":1787415973493,"level":"DEBUG","args":["[vite] connected."],"stack":null}
[2026-08-22T17:12:41.280Z] {"timestamp":1787418759277,"level":"DEBUG","args":["[Manus] Debug collector initialized (no rrweb, UI events only)"],"stack":null}
[2026-08-22T17:12:41.280Z] {"timestamp":1787418759344,"level":"DEBUG","args":["[vite] connected."],"stack":null}
[2026-08-22T17:12:41.280Z] {"timestamp":1787418759726,"level":"INFO","args":["%cDownload the React DevTools for a better development experience: https://react.dev/link/react-devtools","font-weight:bold"],"stack":null}
[2026-08-22T17:12:41.363Z] {"timestamp":1787418759360,"level":"DEBUG","args":["[Manus] Debug collector initialized (no rrweb, UI events only)"],"stack":null}
[2026-08-22T17:12:41.363Z] {"timestamp":1787418759362,"level":"DEBUG","args":["[vite] connected."],"stack":null}
[2026-08-22T17:12:41.363Z] {"timestamp":1787418759740,"level":"INFO","args":["%cDownload the React DevTools for a better development experience: https://react.dev/link/react-devtools","font-weight:bold"],"stack":null}
[2026-08-22T17:12:41.394Z] {"timestamp":1787418759392,"level":"DEBUG","args":["[Manus] Debug collector initialized (no rrweb, UI events only)"],"stack":null}
[2026-08-22T17:12:41.394Z] {"timestamp":1787418759445,"level":"DEBUG","args":["[vite] connected."],"stack":null}
[2026-08-22T17:12:41.394Z] {"timestamp":1787418759659,"level":"INFO","args":["%cDownload the React DevTools for a better development experience: https://react.dev/link/react-devtools","font-weight:bold"],"stack":null}
[2026-08-22T17:12:41.395Z] {"timestamp":1787418759393,"level":"DEBUG","args":["[Manus] Debug collector initialized (no rrweb, UI events only)"],"stack":null}
[2026-08-22T17:12:41.395Z] {"timestamp":1787418759463,"level":"DEBUG","args":["[vite] connected."],"stack":null}
[2026-08-22T17:12:41.395Z] {"timestamp":1787418759728,"level":"INFO","args":["%cDownload the React DevTools for a better development experience: https://react.dev/link/react-devtools","font-weight:bold"],"stack":null}
[2026-08-22T17:14:09.873Z] {"timestamp":1787418847869,"level":"DEBUG","args":["[Manus] Debug collector initialized (no rrweb, UI events only)"],"stack":null}
[2026-08-22T17:14:09.873Z] {"timestamp":1787418847874,"level":"DEBUG","args":["[vite] connected."],"stack":null}
[2026-08-22T17:14:09.873Z] {"timestamp":1787418848051,"level":"INFO","args":["%cDownload the React DevTools for a better development experience: https://react.dev/link/react-devtools","font-weight:bold"],"stack":null}
[2026-08-22T17:14:09.881Z] {"timestamp":1787418847878,"level":"DEBUG","args":["[Manus] Debug collector initialized (no rrweb, UI events only)"],"stack":null}
[2026-08-22T17:14:09.881Z] {"timestamp":1787418847892,"level":"DEBUG","args":["[vite] connected."],"stack":null}
[2026-08-22T17:14:09.881Z] {"timestamp":1787418848020,"level":"INFO","args":["%cDownload the React DevTools for a better development experience: https://react.dev/link/react-devtools","font-weight:bold"],"stack":null}
[2026-08-22T17:14:44.169Z] {"timestamp":1787418882099,"level":"DEBUG","args":["[Manus] Debug collector initialized (no rrweb, UI events only)"],"stack":null}
[2026-08-22T17:14:44.169Z] {"timestamp":1787418882105,"level":"DEBUG","args":["[vite] connected."],"stack":null}
[2026-08-22T17:14:44.169Z] {"timestamp":1787418882223,"level":"INFO","args":["%cDownload the React DevTools for a better development experience: https://react.dev/link/react-devtools","font-weight:bold"],"stack":null}
[2026-08-22T17:14:49.999Z] {"timestamp":1787418887557,"level":"DEBUG","args":["[Manus] Debug collector initialized (no rrweb, UI events only)"],"stack":null}
[2026-08-22T17:14:49.999Z] {"timestamp":1787418888210,"level":"DEBUG","args":["[vite] connected."],"stack":null}
[2026-08-22T17:14:55.494Z] {"timestamp":1787418893914,"level":"DEBUG","args":["[Manus] Debug collector initialized (no rrweb, UI events only)"],"stack":null}
[2026-08-22T17:14:55.494Z] {"timestamp":1787418894677,"level":"DEBUG","args":["[vite] connected."],"stack":null}
[2026-08-22T17:17:04.973Z] {"timestamp":1787419023388,"level":"DEBUG","args":["[Manus] Debug collector initialized (no rrweb, UI events only)"],"stack":null}
[2026-08-22T17:17:04.973Z] {"timestamp":1787419024014,"level":"DEBUG","args":["[vite] connected."],"stack":null}
[2026-08-22T17:20:34.874Z] {"timestamp":1787419233207,"level":"DEBUG","args":["[Manus] Debug collector initialized (no rrweb, UI events only)"],"stack":null}
[2026-08-22T17:20:34.874Z] {"timestamp":1787419234698,"level":"DEBUG","args":["[vite] connected."],"stack":null}
[2026-08-22T17:20:38.861Z] {"timestamp":1787419237001,"level":"DEBUG","args":["[Manus] Debug collector initialized (no rrweb, UI events only)"],"stack":null}
[2026-08-22T17:20:38.861Z] {"timestamp":1787419238506,"level":"DEBUG","args":["[vite] connected."],"stack":null}
[2026-08-22T17:39:38.846Z] {"timestamp":1787420378865,"level":"LOG","args":["[vite] server connection lost. Polling for restart..."],"stack":null}
[2026-08-23T04:51:57.066Z] {"timestamp":1787460714260,"level":"DEBUG","args":["[Manus] Debug collector initialized (no rrweb, UI events only)"],"stack":null}
[2026-08-23T04:51:57.066Z] {"timestamp":1787460714903,"level":"DEBUG","args":["[vite] connected."],"stack":null}
[2026-08-23T04:52:13.203Z] {"timestamp":1787460731301,"level":"DEBUG","args":["[Manus] Debug collector initialized (no rrweb, UI events only)"],"stack":null}
[2026-08-23T04:52:13.203Z] {"timestamp":1787460731916,"level":"DEBUG","args":["[vite] connected."],"stack":null}
[2026-08-23T04:52:20.195Z] {"timestamp":1787460738581,"level":"DEBUG","args":["[Manus] Debug collector initialized (no rrweb, UI events only)"],"stack":null}
[2026-08-23T04:52:20.195Z] {"timestamp":1787460739272,"level":"DEBUG","args":["[vite] connected."],"stack":null}
[2026-08-23T04:53:10.203Z] {"timestamp":1787460788768,"level":"DEBUG","args":["[Manus] Debug collector initialized (no rrweb, UI events only)"],"stack":null}
[2026-08-23T04:53:10.203Z] {"timestamp":1787460789526,"level":"DEBUG","args":["[vite] connected."],"stack":null}
[2026-08-23T04:53:40.198Z] {"timestamp":1787460818633,"level":"DEBUG","args":["[Manus] Debug collector initialized (no rrweb, UI events only)"],"stack":null}
[2026-08-23T04:53:40.198Z] {"timestamp":1787460819524,"level":"DEBUG","args":["[vite] connected."],"stack":null}
[2026-08-23T06:17:58.611Z] {"timestamp":1787465876472,"level":"DEBUG","args":["[Manus] Debug collector initialized (no rrweb, UI events only)"],"stack":null}
[2026-08-23T06:17:58.611Z] {"timestamp":1787465876480,"level":"DEBUG","args":["[vite] connected."],"stack":null}
[2026-08-23T06:17:58.611Z] {"timestamp":1787465876630,"level":"INFO","args":["%cDownload the React DevTools for a better development experience: https://react.dev/link/react-devtools","font-weight:bold"],"stack":null}
[2026-08-23T06:18:03.791Z] {"timestamp":1787465882425,"level":"DEBUG","args":["[Manus] Debug collector initialized (no rrweb, UI events only)"],"stack":null}
[2026-08-23T06:18:03.791Z] {"timestamp":1787465883121,"level":"DEBUG","args":["[vite] connected."],"stack":null}
[2026-08-23T06:18:07.872Z] {"timestamp":1787465886507,"level":"DEBUG","args":["[Manus] Debug collector initialized (no rrweb, UI events only)"],"stack":null}
[2026-08-23T06:18:07.872Z] {"timestamp":1787465887128,"level":"DEBUG","args":["[vite] connected."],"stack":null}
