[2026-08-24T12:19:55.420Z] 12:19:55 PM [vite] (client) hmr update /src/components/ui/tooltip.tsx, /src/index.css
[2026-08-24T12:19:55.512Z] 12:19:55 PM [vite] (client) hmr update /src/index.css
[2026-08-24T12:19:55.513Z] 12:19:55 PM [vite] (client) hmr update /src/index.css
[2026-08-24T12:19:55.513Z] 12:19:55 PM [vite] (client) hmr update /src/index.css
[2026-08-24T12:19:55.513Z] 12:19:55 PM [vite] (client) hmr update /src/index.css
[2026-08-24T12:19:55.513Z] 12:19:55 PM [vite] (client) hmr update /src/index.css
[2026-08-24T12:19:55.513Z] 12:19:55 PM [vite] (client) hmr update /src/index.css
[2026-08-24T12:19:55.513Z] 12:19:55 PM [vite] (client) hmr update /src/index.css
[2026-08-24T12:19:55.513Z] 12:19:55 PM [vite] (client) hmr update /src/index.css
[2026-08-24T12:19:55.513Z] 12:19:55 PM [vite] (client) hmr update /src/index.css
[2026-08-24T12:19:55.513Z] 12:19:55 PM [vite] (client) hmr update /src/index.css
[2026-08-24T12:19:55.514Z] 12:19:55 PM [vite] (client) hmr update /src/index.css
[2026-08-24T12:19:55.514Z] 12:19:55 PM [vite] (client) hmr update /src/index.css
[2026-08-24T12:19:55.514Z] 12:19:55 PM [vite] (client) hmr update /src/index.css
[2026-08-24T12:19:55.514Z] 12:19:55 PM [vite] (client) hmr update /src/index.css
[2026-08-24T12:19:55.514Z] 12:19:55 PM [vite] (client) hmr update /src/index.css
[2026-08-24T12:19:55.514Z] 12:19:55 PM [vite] (client) hmr update /src/index.css
[2026-08-24T12:19:55.514Z] 12:19:55 PM [vite] (client) hmr update /src/index.css
[2026-08-24T12:19:55.514Z] 12:19:55 PM [vite] (client) hmr update /src/index.css
[2026-08-24T12:19:55.514Z] 12:19:55 PM [vite] (client) hmr update /src/index.css
[2026-08-24T12:19:55.514Z] 12:19:55 PM [vite] (client) hmr update /src/index.css
[2026-08-24T12:19:55.514Z] 12:19:55 PM [vite] (client) hmr update /src/index.css
[2026-08-24T12:19:55.514Z] 12:19:55 PM [vite] (client) hmr update /src/index.css
[2026-08-24T12:19:55.514Z] 12:19:55 PM [vite] (client) hmr update /src/index.css
[2026-08-24T12:19:55.514Z] 12:19:55 PM [vite] (client) hmr update /src/index.css
[2026-08-24T12:19:55.514Z] 12:19:55 PM [vite] (client) hmr update /src/index.css
[2026-08-24T12:19:55.514Z] 12:19:55 PM [vite] (client) hmr update /src/index.css
[2026-08-24T12:19:55.514Z] 12:19:55 PM [vite] (client) hmr update /src/index.css
[2026-08-24T12:19:55.514Z] 12:19:55 PM [vite] (client) hmr update /src/index.css
[2026-08-24T12:19:55.514Z] 12:19:55 PM [vite] (client) hmr update /src/index.css
[2026-08-24T12:19:55.514Z] 12:19:55 PM [vite] (client) hmr update /src/index.css
[2026-08-24T12:19:55.514Z] 12:19:55 PM [vite] (client) hmr update /src/index.css
[2026-08-24T12:19:55.514Z] 12:19:55 PM [vite] (client) hmr update /src/index.css
[2026-08-24T12:19:55.514Z] 12:19:55 PM [vite] (client) hmr update /src/index.css
[2026-08-24T12:19:55.514Z] 12:19:55 PM [vite] (client) hmr update /src/index.css
[2026-08-24T12:19:55.514Z] 12:19:55 PM [vite] (client) hmr update /src/index.css
[2026-08-24T12:19:55.514Z] 12:19:55 PM [vite] (client) hmr update /src/index.css
[2026-08-24T12:19:55.514Z] 12:19:55 PM [vite] (client) hmr update /src/index.css
[2026-08-24T12:19:55.514Z] 12:19:55 PM [vite] (client) hmr update /src/index.css
[2026-08-24T12:19:55.514Z] 12:19:55 PM [vite] (client) hmr update /src/index.css
[2026-08-24T12:19:55.514Z] 12:19:55 PM [vite] (client) hmr update /src/index.css
[2026-08-24T12:19:55.514Z] 12:19:55 PM [vite] (client) hmr update /src/index.css
[2026-08-24T12:19:55.514Z] 12:19:55 PM [vite] (client) hmr update /src/index.css
[2026-08-24T12:19:55.514Z] 12:19:55 PM [vite] (client) hmr update /src/index.css
[2026-08-24T12:19:55.514Z] 12:19:55 PM [vite] (client) hmr update /src/index.css
[2026-08-24T12:19:55.514Z] 12:19:55 PM [vite] (client) hmr update /src/index.css
[2026-08-24T12:19:55.514Z] 12:19:55 PM [vite] (client) hmr update /src/index.css
[2026-08-24T12:20:01.186Z] 12:20:01 PM [vite] (client) hmr update /src/index.css
[2026-08-24T12:21:47.262Z] ELIFECYCLE  Command failed.
[2026-08-24T12:21:47.303Z] Dev server exited with code -1
[2026-08-24T12:21:48.382Z] Starting dev server with command: pnpm run dev
[2026-08-24T12:21:49.024Z] > opd-smartqueue@1.0.0 dev /home/ubuntu/opd-smartqueue
[2026-08-24T12:21:49.024Z] > vite --host
[2026-08-24T12:21:49.449Z] VITE v7.1.9  ready in 383 ms
[2026-08-24T12:21:49.449Z] ➜  Local:   http://localhost:3000/
[2026-08-24T12:21:49.449Z] ➜  Network: http://169.254.0.21:3000/
[2026-08-24T12:21:50.866Z] [baseline-browser-mapping] The data in this module is over two months old.  To ensure accurate Baseline data, please update: `npm i baseline-browser-mapping@latest -D`
[2026-08-24T12:25:11.996Z] 12:25:11 PM [vite] changed tsconfig file detected: /home/ubuntu/opd-smartqueue/tsconfig.json - Clearing cache and forcing full-reload to ensure TypeScript is compiled with updated config values.
[2026-08-24T12:26:37.338Z] 12:26:37 PM [vite] (client) hmr update /src/pages/SignIn.tsx, /src/index.css
[2026-08-24T12:26:37.338Z] 12:26:37 PM [vite] (client) hmr update /src/pages/Home.tsx, /src/index.css
